pruebas/
*.log
info.text
